exports[`test # Profile page 1`] = `
<div>
  <Component
    current="/profile/0"
    user={
      Object {
        "id": "0",
        "login": "test",
        "registrationDate": 2016-02-01T00:01:01.001Z,
      }
    } />
  <Connect(User)
    edit={true}
    user={
      Object {
        "id": "0",
        "login": "test",
        "registrationDate": 2016-02-01T00:01:01.001Z,
      }
    } />
</div>
`;

exports[`test # Profile page wrapper 1`] = `
<Profile
  getUser={[Function]}
  loadedUser={
    Object {
      "id": "0",
      "login": "test",
      "registrationDate": 2016-02-01T00:01:01.001Z,
    }
  }
  store={
    Object {
      "clearActions": [Function],
      "dispatch": [Function],
      "getActions": [Function],
      "getState": [Function],
      "replaceReducer": [Function],
      "subscribe": [Function],
    }
  }
  user={
    Object {
      "id": "0",
      "login": "test",
      "registrationDate": 2016-02-01T00:01:01.001Z,
    }
  } />
`;
